---
source: tests/regression_test.rs
expression: snapshot_string
---
New(Line={line_index=12, entries=
[
    Entry{'i', start=(12, 12), end=(12, 13)}
    Entry{'i', start=(12, 24), end=(12, 25)}
    Entry{'i', start=(12, 36), end=(12, 37)}
]}
)
Old(Line={line_index=17, entries=
[
    Entry{'j', start=(17, 12), end=(17, 13)}
    Entry{'j', start=(17, 24), end=(17, 25)}
    Entry{'j', start=(17, 36), end=(17, 37)}
]}
)
Old(Line={line_index=43, entries=
[
    Entry{'s', start=(43, 4), end=(43, 5)}
    Entry{'t', start=(43, 5), end=(43, 6)}
    Entry{'d', start=(43, 6), end=(43, 7)}
    Entry{':', start=(43, 7), end=(43, 8)}
    Entry{':', start=(43, 8), end=(43, 9)}
]}

Line={line_index=44, entries=
[
    Entry{'s', start=(44, 4), end=(44, 5)}
    Entry{'t', start=(44, 5), end=(44, 6)}
    Entry{'d', start=(44, 6), end=(44, 7)}
    Entry{':', start=(44, 7), end=(44, 8)}
    Entry{':', start=(44, 8), end=(44, 9)}
]}

Line={line_index=45, entries=
[
    Entry{'s', start=(45, 4), end=(45, 5)}
    Entry{'t', start=(45, 5), end=(45, 6)}
    Entry{'d', start=(45, 6), end=(45, 7)}
    Entry{':', start=(45, 7), end=(45, 8)}
    Entry{':', start=(45, 8), end=(45, 9)}
]}

Line={line_index=46, entries=
[
    Entry{'s', start=(46, 4), end=(46, 5)}
    Entry{'t', start=(46, 5), end=(46, 6)}
    Entry{'d', start=(46, 6), end=(46, 7)}
    Entry{':', start=(46, 7), end=(46, 8)}
    Entry{':', start=(46, 8), end=(46, 9)}
]}
)
