---
source: src/main.rs
assertion_line: 305
expression: diff_hunks

---
(
    Hunks(
        [
            Hunk(
                [
                    Line {
                        line_index: 1,
                        entries: [
                            Entry {
                                reference: {Node let (1, 4) - (1, 7)},
                                text: "let",
                            },
                            Entry {
                                reference: {Node identifier (1, 8) - (1, 9)},
                                text: "x",
                            },
                            Entry {
                                reference: {Node = (1, 10) - (1, 11)},
                                text: "=",
                            },
                            Entry {
                                reference: {Node integer_literal (1, 12) - (1, 13)},
                                text: "1",
                            },
                            Entry {
                                reference: {Node ; (1, 13) - (1, 14)},
                                text: ";",
                            },
                        ],
                    },
                ],
            ),
            Hunk(
                [
                    Line {
                        line_index: 4,
                        entries: [
                            Entry {
                                reference: {Node identifier (4, 3) - (4, 10)},
                                text: "add_one",
                            },
                        ],
                    },
                ],
            ),
        ],
    ),
    Hunks(
        [
            Hunk(
                [
                    Line {
                        line_index: 9,
                        entries: [
                            Entry {
                                reference: {Node } (9, 0) - (9, 1)},
                                text: "}",
                            },
                        ],
                    },
                ],
            ),
            Hunk(
                [
                    Line {
                        line_index: 11,
                        entries: [
                            Entry {
                                reference: {Node fn (11, 0) - (11, 2)},
                                text: "fn",
                            },
                            Entry {
                                reference: {Node identifier (11, 3) - (11, 11)},
                                text: "addition",
                            },
                            Entry {
                                reference: {Node ( (11, 11) - (11, 12)},
                                text: "(",
                            },
                            Entry {
                                reference: {Node ) (11, 12) - (11, 13)},
                                text: ")",
                            },
                            Entry {
                                reference: {Node { (11, 14) - (11, 15)},
                                text: "{",
                            },
                        ],
                    },
                ],
            ),
            Hunk(
                [
                    Line {
                        line_index: 14,
                        entries: [
                            Entry {
                                reference: {Node identifier (14, 3) - (14, 10)},
                                text: "add_two",
                            },
                            Entry {
                                reference: {Node ( (14, 10) - (14, 11)},
                                text: "(",
                            },
                            Entry {
                                reference: {Node ) (14, 11) - (14, 12)},
                                text: ")",
                            },
                        ],
                    },
                ],
            ),
        ],
    ),
)
